[{"channel":"LDPRTV.ru","title":"ЛДПР ТВ","url":"http://46.46.143.222:1935/live/mp4:ldpr.stream/playlist.m3u8","is_online":false,"http_referrer":"","user_agent":""},{"channel":"BBCNews.uk","title":"BBC News HD","url":"http://1111296894.rsc.cdn77.org/LS-ATL-54548-6/index.m3u8","is_online":true,"http_referrer":"","user_agent":""},{"channel":"AndorraTV.ad","title":"ATV","url":"https://iptv-all.lanesh4d0w.repl.co/andorra/atv","is_online":false,"http_referrer":"","user_agent":""},{"channel":"BBCNewsHD.ad","title":"BBC News HD","url":"https://master.starmena-cloud.com/hls/libyas.m3u8","width":1024,"height":576,"bitrate":0,"is_online":true,"http_referrer":"","user_agent":""},{"channel":"KayhanTV.af","title":"Kayhan TV","url":"http://208.93.117.113/live/Stream1/playlist.m3u8","is_online":false,"http_referrer":"","user_agent":""},{"channel":"Sharq.af","title":"Sharq","url":"https://forerunnerrtmp.livestreamingcdn.com/output18/output18.stream/playlist.m3u8","width":1280,"height":720,"bitrate":2226543,"is_online":true,"http_referrer":"","user_agent":""}]